2025-04-02 22:01:05,861 - masks - INFO - Замаскированный номер карты: 7000 79** **** 6361.
2025-04-02 22:01:05,861 - masks - INFO - Замаскированный номер карты: 1234 56** **** 5678.
2025-04-02 22:01:05,861 - masks - INFO - Замаскированный номер карты: 0000 00** **** 0000.
2025-04-02 22:01:05,861 - masks - WARNING - Некорректный ввод номера карты: .
2025-04-02 22:01:05,861 - masks - WARNING - Некорректный ввод номера карты: 123.
2025-04-02 22:01:05,861 - masks - INFO - Замаскированный номер счета: **4305.
2025-04-02 22:01:05,861 - masks - INFO - Замаскированный номер счета: **7890.
2025-04-02 22:01:05,861 - masks - INFO - Замаскированный номер счета: **0000.
2025-04-02 22:01:05,861 - masks - WARNING - Некорректный ввод номера счета: .
2025-04-02 22:01:05,861 - masks - WARNING - Некорректный ввод номера счета: 123.
2025-04-02 22:01:05,862 - masks - INFO - Замаскированный номер карты: 7000 79** **** 6361.
2025-04-02 22:01:05,862 - masks - INFO - Замаскированный номер карты: 1234 56** **** 5678.
2025-04-02 22:01:05,862 - masks - INFO - Замаскированный номер карты: 0000 00** **** 0000.
2025-04-02 22:01:05,863 - masks - WARNING - Некорректный ввод номера карты: .
2025-04-02 22:01:05,863 - masks - WARNING - Некорректный ввод номера карты: 123.
2025-04-02 22:01:05,863 - masks - INFO - Замаскированный номер счета: **4305.
2025-04-02 22:01:05,864 - masks - INFO - Замаскированный номер счета: **7890.
2025-04-02 22:01:05,864 - masks - INFO - Замаскированный номер счета: **0000.
2025-04-02 22:01:05,864 - masks - WARNING - Некорректный ввод номера счета: .
2025-04-02 22:01:05,864 - masks - WARNING - Некорректный ввод номера счета: 123.
